Archive member included because of file (symbol)

C:/Program Files (x86)/Microchip/MPLAB C32/bin/../lib/gcc/pic32mx/3.4.4/../../../../pic32mx/lib\libc.a(memset.o)
                              usb_device.o (memset)
C:/Program Files (x86)/Microchip/MPLAB C32/bin/../lib/gcc/pic32mx/3.4.4/../../../../pic32mx/lib\libc.a(general-exception.o)
                              C:/Program Files (x86)/Microchip/MPLAB C32/bin/../lib/gcc/pic32mx/3.4.4/../../../../pic32mx/lib/crt0.o (_general_exception_context)
C:/Program Files (x86)/Microchip/MPLAB C32/bin/../lib/gcc/pic32mx/3.4.4/../../../../pic32mx/lib\libc.a(exit.o)
                              C:/Program Files (x86)/Microchip/MPLAB C32/bin/../lib/gcc/pic32mx/3.4.4/../../../../pic32mx/lib/crt0.o (exit)
C:/Program Files (x86)/Microchip/MPLAB C32/bin/../lib/gcc/pic32mx/3.4.4/../../../../pic32mx/lib\libc.a(_iobdata.o)
                              C:/Program Files (x86)/Microchip/MPLAB C32/bin/../lib/gcc/pic32mx/3.4.4/../../../../pic32mx/lib\libc.a(exit.o) (_libc_data)
C:/Program Files (x86)/Microchip/MPLAB C32/bin/../lib/gcc/pic32mx/3.4.4/../../../../pic32mx/lib\libc.a(_iobfuncs.o)
                              C:/Program Files (x86)/Microchip/MPLAB C32/bin/../lib/gcc/pic32mx/3.4.4/../../../../pic32mx/lib\libc.a(_iobdata.o) (_filbuf_simple)
C:/Program Files (x86)/Microchip/MPLAB C32/bin/../lib/gcc/pic32mx/3.4.4/../../../../pic32mx/lib\libc.a(stubs.o)
                              C:/Program Files (x86)/Microchip/MPLAB C32/bin/../lib/gcc/pic32mx/3.4.4/../../../../pic32mx/lib\libc.a(exit.o) (pthread_mutex_lock)
C:/Program Files (x86)/Microchip/MPLAB C32/bin/../lib/gcc/pic32mx/3.4.4/../../../../pic32mx/lib\libc.a(default-general-exception-handler.o)
                              C:/Program Files (x86)/Microchip/MPLAB C32/bin/../lib/gcc/pic32mx/3.4.4/../../../../pic32mx/lib\libc.a(general-exception.o) (_general_exception_handler)
C:/Program Files (x86)/Microchip/MPLAB C32/bin/../lib/gcc/pic32mx/3.4.4/../../../../pic32mx/lib\libc.a(default-bootstrap-exception-handler.o)
                              C:/Program Files (x86)/Microchip/MPLAB C32/bin/../lib/gcc/pic32mx/3.4.4/../../../../pic32mx/lib/crt0.o (_bootstrap_exception_handler)
C:/Program Files (x86)/Microchip/MPLAB C32/bin/../lib/gcc/pic32mx/3.4.4/../../../../pic32mx/lib\libc.a(default-on-reset.o)
                              C:/Program Files (x86)/Microchip/MPLAB C32/bin/../lib/gcc/pic32mx/3.4.4/../../../../pic32mx/lib/crt0.o (_on_reset)
C:/Program Files (x86)/Microchip/MPLAB C32/bin/../lib/gcc/pic32mx/3.4.4/../../../../pic32mx/lib\libc.a(default-on-bootstrap.o)
                              C:/Program Files (x86)/Microchip/MPLAB C32/bin/../lib/gcc/pic32mx/3.4.4/../../../../pic32mx/lib/crt0.o (_on_bootstrap)
C:/Program Files (x86)/Microchip/MPLAB C32/bin/../lib/gcc/pic32mx/3.4.4/../../../../pic32mx/lib\libc.a(default-nmi-handler.o)
                              C:/Program Files (x86)/Microchip/MPLAB C32/bin/../lib/gcc/pic32mx/3.4.4/../../../../pic32mx/lib/crt0.o (_nmi_handler)
C:/Program Files (x86)/Microchip/MPLAB C32/bin/../lib/gcc/pic32mx/3.4.4/../../../../pic32mx/lib\libc.a(_mon_getc.o)
                              C:/Program Files (x86)/Microchip/MPLAB C32/bin/../lib/gcc/pic32mx/3.4.4/../../../../pic32mx/lib\libc.a(_iobfuncs.o) (_mon_getc)
C:/Program Files (x86)/Microchip/MPLAB C32/bin/../lib/gcc/pic32mx/3.4.4/../../../../pic32mx/lib\libc.a(_mon_write.o)
                              C:/Program Files (x86)/Microchip/MPLAB C32/bin/../lib/gcc/pic32mx/3.4.4/../../../../pic32mx/lib\libc.a(_iobfuncs.o) (_mon_write)
C:/Program Files (x86)/Microchip/MPLAB C32/bin/../lib/gcc/pic32mx/3.4.4/../../../../pic32mx/lib\libc.a(_exit.o)
                              C:/Program Files (x86)/Microchip/MPLAB C32/bin/../lib/gcc/pic32mx/3.4.4/../../../../pic32mx/lib\libc.a(exit.o) (_exit)
C:/Program Files (x86)/Microchip/MPLAB C32/bin/../lib/gcc/pic32mx/3.4.4/../../../../pic32mx/lib\libc.a(errno.o)
                              C:/Program Files (x86)/Microchip/MPLAB C32/bin/../lib/gcc/pic32mx/3.4.4/../../../../pic32mx/lib\libc.a(_iobfuncs.o) (errno)
C:/Program Files (x86)/Microchip/MPLAB C32/bin/../lib/gcc/pic32mx/3.4.4/../../../../pic32mx/lib\libc.a(_mon_putc.o)
                              C:/Program Files (x86)/Microchip/MPLAB C32/bin/../lib/gcc/pic32mx/3.4.4/../../../../pic32mx/lib\libc.a(_mon_write.o) (_mon_putc)
C:/Program Files (x86)/Microchip/MPLAB C32/bin/../lib/gcc/pic32mx/3.4.4/../../../../pic32mx/lib\libm.a(dp32.o)
                              sensores.o (dpadd)
C:/Program Files (x86)/Microchip/MPLAB C32/bin/../lib/gcc/pic32mx/3.4.4/../../../../pic32mx/lib\libm.a(fp32.o)
                              sensores.o (fpsub)
C:/Program Files (x86)/Microchip/MPLAB C32/bin/../lib/gcc/pic32mx/3.4.4/../../../../pic32mx/lib\libmchp_peripheral.a(int_enable_interrupts_lib.o)
                              usb_device.o (INTEnableInterrupts)
C:/Program Files (x86)/Microchip/MPLAB C32/bin/../lib/gcc/pic32mx/3.4.4/../../../../pic32mx/lib\libmchp_peripheral.a(int_enable_mv_int_lib.o)
                              main.o (INTEnableSystemMultiVectoredInt)

Allocating common symbols
Common symbol       size              file

pDst                0x4               usb_device.o
sensores            0x20              main.o
USBGenericInHandle  0x4               main.o
posicion            0x8               main.o
BDT                 0x40              usb_device.o
CtrlTrfData         0x8               usb_device.o
countx              0x1               main.o
idChanCur           0x1               main.o
USBDeviceState      0x4               usb_device.o
controlTransferState
                    0x1               usb_device.o
velx                0x8               main.o
USBInMaxPacketSize  0x2               usb_device.o
USBGenericOutHandle
                    0x4               main.o
inPipes             0x7               usb_device.o
pBDTEntryIn         0x8               usb_device.o
ref                 0xc               main.o
posx                0x8               main.o
INPacket            0x40              main.o
pBDTEntryOut        0x8               usb_device.o
BothEP0OutUOWNsSet  0x4               usb_device.o
pBDTEntryEP0OutNext
                    0x4               usb_device.o
vely                0x8               main.o
posy                0x8               main.o
blinkStatusValid    0x4               main.o
SetupPkt            0x8               usb_device.o
shortPacketStatus   0x1               usb_device.o
pBDTEntryEP0OutCurrent
                    0x4               usb_device.o
USBActiveConfiguration
                    0x1               usb_device.o
RemoteWakeup        0x4               usb_device.o
paccx               0x4               main.o
USTATcopy           0x1               usb_device.o
county              0x1               main.o
USBInData           0x4               usb_device.o
USBAlternateInterface
                    0x1               usb_device.o
outPipes            0xb               usb_device.o
OUTPacket           0x40              main.o
cntWdt              0x10              main.o
paccy               0x4               main.o

Microchip PIC32 Memory-Usage Report

kseg0 Program-Memory Usage
section                    address  length [bytes]      (dec)  Description
-------                 ----------  -------------------------  -----------
.text                   0x9d000000         0x6754       26452  Application's executable code 
.rodata                 0x9d006758          0x198         408  Read-only constant data 
.data                   0x9d0068f0           0xf4         244  Data-initialization template 
.sdata                  0x9d0069e4            0x4           4  Small data-initialization template 
      Total kseg0_program_mem used  :      0x69e4       27108  5.2% of 0x80000

kseg0 Boot-Memory Usage
section                    address  length [bytes]      (dec)  Description
-------                 ----------  -------------------------  -----------
.startup                0x9fc00490          0x1e0         480  C startup code 
         Total kseg0_boot_mem used  :       0x1e0         480  19.9% of 0x970

Exception-Memory Usage 
section                    address  length [bytes]      (dec)  Description
-------                 ----------  -------------------------  -----------
.app_excpt              0x9fc01180           0x10          16  General-Exception handler 
.vector_8               0x9fc01300            0x8           8  Interrupt Vector 8 
.vector_10              0x9fc01340            0x8           8  Interrupt Vector 10 
.vector_45              0x9fc017a0            0x8           8  Interrupt Vector 45 
          Total exception_mem used  :        0x28          40  1.0% of 0x1000

kseg1 Boot-Memory Usage
section                    address  length [bytes]      (dec)  Description
-------                 ----------  -------------------------  -----------
.reset                  0xbfc00000           0x10          16  Reset handler 
.bev_excpt              0xbfc00380           0x10          16  BEV-Exception handler 
         Total kseg1_boot_mem used  :        0x20          32  2.7% of 0x490
        --------------------------------------------------------------------------
         Total Program Memory used  :      0x6c0c       27660  5.2% of 0x81e00
        --------------------------------------------------------------------------


kseg1 Data-Memory Usage
section                    address  length [bytes]      (dec)  Description
-------                 ----------  -------------------------  -----------
.data                   0xa0000000           0xf4         244  Initialized data 
.sdata                  0xa00000f4            0x4           4  Small initialized data 
.sbss                   0xa00000f8           0xa5         165  Small uninitialized data 
.bss                    0xa0000200          0x24c         588  Uninitialized data 
.stack                  0xa000044c          0x400        1024  Minimum space reserved for stack 
         Total kseg1_data_mem used  :       0x7e9        2025  6.2% of 0x8000
        --------------------------------------------------------------------------
            Total Data Memory used  :       0x7e9        2025  6.2% of 0x8000
        --------------------------------------------------------------------------

Memory Configuration

Name             Origin             Length             Attributes
kseg0_program_mem 0x9d000000         0x00080000         xr
kseg0_boot_mem   0x9fc00490         0x00000970
exception_mem    0x9fc01000         0x00001000
kseg1_boot_mem   0xbfc00000         0x00000490
debug_exec_mem   0xbfc02000         0x00000ff0
config3          0xbfc02ff0         0x00000004
config2          0xbfc02ff4         0x00000004
config1          0xbfc02ff8         0x00000004
config0          0xbfc02ffc         0x00000004
kseg1_data_mem   0xa0000000         0x00008000         w !x
sfrs             0xbf800000         0x00100000
*default*        0x00000000         0xffffffff

Linker script and memory map

LOAD C:/Program Files (x86)/Microchip/MPLAB C32/bin/../lib/gcc/pic32mx/3.4.4/../../../../pic32mx/lib/crt0.o
LOAD adc.o
LOAD main.o
LOAD posicion.o
LOAD sensores.o
LOAD usb_descriptors.o
LOAD usb_device.o
LOAD usb_function_generic.o
                0x00000001                __MPLAB_BUILD = 0x1
                0x00000001                __MPLAB_DEBUG = 0x1
                0x00000001                __MPLAB_DEBUGGER_PIC32MXSK = 0x1
LOAD C:/Program Files (x86)/Microchip/MPLAB C32/bin/../lib/gcc/pic32mx/3.4.4\libgcc.a
START GROUP
LOAD C:/Program Files (x86)/Microchip/MPLAB C32/bin/../lib/gcc/pic32mx/3.4.4/../../../../pic32mx/lib\libc.a
LOAD C:/Program Files (x86)/Microchip/MPLAB C32/bin/../lib/gcc/pic32mx/3.4.4/../../../../pic32mx/lib\libm.a
LOAD C:/Program Files (x86)/Microchip/MPLAB C32/bin/../lib/gcc/pic32mx/3.4.4/../../../../pic32mx/lib\libe.a
LOAD C:/Program Files (x86)/Microchip/MPLAB C32/bin/../lib/gcc/pic32mx/3.4.4/../../../../pic32mx/lib\libdsp.a
LOAD C:/Program Files (x86)/Microchip/MPLAB C32/bin/../lib/gcc/pic32mx/3.4.4/../../../../pic32mx/lib\libmchp_peripheral.a
LOAD C:/Program Files (x86)/Microchip/MPLAB C32/bin/../lib/gcc/pic32mx/3.4.4/../../../../pic32mx/lib\libmchp_peripheral_32MX460F512L.a
END GROUP
LOAD C:/Program Files (x86)/Microchip/MPLAB C32/bin/../lib/gcc/pic32mx/3.4.4\libgcc.a
                0x00000400                PROVIDE (_min_stack_size, 0x400)
                0x00000000                PROVIDE (_min_heap_size, 0x0)
LOAD C:/Program Files (x86)/Microchip/MPLAB C32/bin/../lib/gcc/pic32mx/3.4.4/../../../../pic32mx/lib/./proc/32MX460F512L\processor.o
                0x00000001                PROVIDE (_vector_spacing, 0x1)
                0x9fc01000                _ebase_address = 0x9fc01000
                0xbfc00000                _RESET_ADDR = 0xbfc00000
                0xbfc00380                _BEV_EXCPT_ADDR = 0xbfc00380
                0xbfc00480                _DBG_EXCPT_ADDR = 0xbfc00480
                0xbfc02000                _DBG_CODE_ADDR = 0xbfc02000
                0x9fc01180                _GEN_EXCPT_ADDR = (_ebase_address + 0x180)

.config_BFC02FF0
 *(.config_BFC02FF0)

.config_BFC02FF4
                0xbfc02ff4        0x4
 *(.config_BFC02FF4)
 .config_BFC02FF4
                0xbfc02ff4        0x4 main.o

.config_BFC02FF8
                0xbfc02ff8        0x4
 *(.config_BFC02FF8)
 .config_BFC02FF8
                0xbfc02ff8        0x4 main.o

.config_BFC02FFC
                0xbfc02ffc        0x4
 *(.config_BFC02FFC)
 .config_BFC02FFC
                0xbfc02ffc        0x4 main.o

.reset          0xbfc00000       0x10
 *(.reset)
 .reset         0xbfc00000       0x10 C:/Program Files (x86)/Microchip/MPLAB C32/bin/../lib/gcc/pic32mx/3.4.4/../../../../pic32mx/lib/crt0.o
                0xbfc00000                _reset

.bev_excpt      0xbfc00380       0x10
 *(.bev_handler)
 .bev_handler   0xbfc00380       0x10 C:/Program Files (x86)/Microchip/MPLAB C32/bin/../lib/gcc/pic32mx/3.4.4/../../../../pic32mx/lib/crt0.o

.dbg_excpt      0xbfc00480        0x0
                0xbfc00480                . = (. + DEFINED (_DEBUGGER)?0x8:0x0)

.dbg_code       0xbfc02000        0x0
                0xbfc02000                . = (. + DEFINED (_DEBUGGER)?0xff0:0x0)

.app_excpt      0x9fc01180       0x10
 *(.gen_handler)
 .gen_handler   0x9fc01180       0x10 C:/Program Files (x86)/Microchip/MPLAB C32/bin/../lib/gcc/pic32mx/3.4.4/../../../../pic32mx/lib/crt0.o

.vector_0       0x9fc01200        0x0
 *(.vector_0)
                0x00000001                ASSERT (((_vector_spacing == 0x0) || (SIZEOF (.vector_0) <= (_vector_spacing << 0x5))), function at exception vector 0 too large)

.vector_1       0x9fc01220        0x0
 *(.vector_1)
                0x00000001                ASSERT (((_vector_spacing == 0x0) || (SIZEOF (.vector_1) <= (_vector_spacing << 0x5))), function at exception vector 1 too large)

.vector_2       0x9fc01240        0x0
 *(.vector_2)
                0x00000001                ASSERT (((_vector_spacing == 0x0) || (SIZEOF (.vector_2) <= (_vector_spacing << 0x5))), function at exception vector 2 too large)

.vector_3       0x9fc01260        0x0
 *(.vector_3)
                0x00000001                ASSERT (((_vector_spacing == 0x0) || (SIZEOF (.vector_3) <= (_vector_spacing << 0x5))), function at exception vector 3 too large)

.vector_4       0x9fc01280        0x0
 *(.vector_4)
                0x00000001                ASSERT (((_vector_spacing == 0x0) || (SIZEOF (.vector_4) <= (_vector_spacing << 0x5))), function at exception vector 4 too large)

.vector_5       0x9fc012a0        0x0
 *(.vector_5)
                0x00000001                ASSERT (((_vector_spacing == 0x0) || (SIZEOF (.vector_5) <= (_vector_spacing << 0x5))), function at exception vector 5 too large)

.vector_6       0x9fc012c0        0x0
 *(.vector_6)
                0x00000001                ASSERT (((_vector_spacing == 0x0) || (SIZEOF (.vector_6) <= (_vector_spacing << 0x5))), function at exception vector 6 too large)

.vector_7       0x9fc012e0        0x0
 *(.vector_7)
                0x00000001                ASSERT (((_vector_spacing == 0x0) || (SIZEOF (.vector_7) <= (_vector_spacing << 0x5))), function at exception vector 7 too large)

.vector_8       0x9fc01300        0x8
 *(.vector_8)
 .vector_8      0x9fc01300        0x8 main.o
                0x00000001                ASSERT (((_vector_spacing == 0x0) || (SIZEOF (.vector_8) <= (_vector_spacing << 0x5))), function at exception vector 8 too large)

.vector_9       0x9fc01320        0x0
 *(.vector_9)
                0x00000001                ASSERT (((_vector_spacing == 0x0) || (SIZEOF (.vector_9) <= (_vector_spacing << 0x5))), function at exception vector 9 too large)

.vector_10      0x9fc01340        0x8
 *(.vector_10)
 .vector_10     0x9fc01340        0x8 main.o
                0x00000001                ASSERT (((_vector_spacing == 0x0) || (SIZEOF (.vector_10) <= (_vector_spacing << 0x5))), function at exception vector 10 too large)

.vector_11      0x9fc01360        0x0
 *(.vector_11)
                0x00000001                ASSERT (((_vector_spacing == 0x0) || (SIZEOF (.vector_11) <= (_vector_spacing << 0x5))), function at exception vector 11 too large)

.vector_12      0x9fc01380        0x0
 *(.vector_12)
                0x00000001                ASSERT (((_vector_spacing == 0x0) || (SIZEOF (.vector_12) <= (_vector_spacing << 0x5))), function at exception vector 12 too large)

.vector_13      0x9fc013a0        0x0
 *(.vector_13)
                0x00000001                ASSERT (((_vector_spacing == 0x0) || (SIZEOF (.vector_13) <= (_vector_spacing << 0x5))), function at exception vector 13 too large)

.vector_14      0x9fc013c0        0x0
 *(.vector_14)
                0x00000001                ASSERT (((_vector_spacing == 0x0) || (SIZEOF (.vector_14) <= (_vector_spacing << 0x5))), function at exception vector 14 too large)

.vector_15      0x9fc013e0        0x0
 *(.vector_15)
                0x00000001                ASSERT (((_vector_spacing == 0x0) || (SIZEOF (.vector_15) <= (_vector_spacing << 0x5))), function at exception vector 15 too large)

.vector_16      0x9fc01400        0x0
 *(.vector_16)
                0x00000001                ASSERT (((_vector_spacing == 0x0) || (SIZEOF (.vector_16) <= (_vector_spacing << 0x5))), function at exception vector 16 too large)

.vector_17      0x9fc01420        0x0
 *(.vector_17)
                0x00000001                ASSERT (((_vector_spacing == 0x0) || (SIZEOF (.vector_17) <= (_vector_spacing << 0x5))), function at exception vector 17 too large)

.vector_18      0x9fc01440        0x0
 *(.vector_18)
                0x00000001                ASSERT (((_vector_spacing == 0x0) || (SIZEOF (.vector_18) <= (_vector_spacing << 0x5))), function at exception vector 18 too large)

.vector_19      0x9fc01460        0x0
 *(.vector_19)
                0x00000001                ASSERT (((_vector_spacing == 0x0) || (SIZEOF (.vector_19) <= (_vector_spacing << 0x5))), function at exception vector 19 too large)

.vector_20      0x9fc01480        0x0
 *(.vector_20)
                0x00000001                ASSERT (((_vector_spacing == 0x0) || (SIZEOF (.vector_20) <= (_vector_spacing << 0x5))), function at exception vector 20 too large)

.vector_21      0x9fc014a0        0x0
 *(.vector_21)
                0x00000001                ASSERT (((_vector_spacing == 0x0) || (SIZEOF (.vector_21) <= (_vector_spacing << 0x5))), function at exception vector 21 too large)

.vector_22      0x9fc014c0        0x0
 *(.vector_22)
                0x00000001                ASSERT (((_vector_spacing == 0x0) || (SIZEOF (.vector_22) <= (_vector_spacing << 0x5))), function at exception vector 22 too large)

.vector_23      0x9fc014e0        0x0
 *(.vector_23)
                0x00000001                ASSERT (((_vector_spacing == 0x0) || (SIZEOF (.vector_23) <= (_vector_spacing << 0x5))), function at exception vector 23 too large)

.vector_24      0x9fc01500        0x0
 *(.vector_24)
                0x00000001                ASSERT (((_vector_spacing == 0x0) || (SIZEOF (.vector_24) <= (_vector_spacing << 0x5))), function at exception vector 24 too large)

.vector_25      0x9fc01520        0x0
 *(.vector_25)
                0x00000001                ASSERT (((_vector_spacing == 0x0) || (SIZEOF (.vector_25) <= (_vector_spacing << 0x5))), function at exception vector 25 too large)

.vector_26      0x9fc01540        0x0
 *(.vector_26)
                0x00000001                ASSERT (((_vector_spacing == 0x0) || (SIZEOF (.vector_26) <= (_vector_spacing << 0x5))), function at exception vector 26 too large)

.vector_27      0x9fc01560        0x0
 *(.vector_27)
                0x00000001                ASSERT (((_vector_spacing == 0x0) || (SIZEOF (.vector_27) <= (_vector_spacing << 0x5))), function at exception vector 27 too large)

.vector_28      0x9fc01580        0x0
 *(.vector_28)
                0x00000001                ASSERT (((_vector_spacing == 0x0) || (SIZEOF (.vector_28) <= (_vector_spacing << 0x5))), function at exception vector 28 too large)

.vector_29      0x9fc015a0        0x0
 *(.vector_29)
                0x00000001                ASSERT (((_vector_spacing == 0x0) || (SIZEOF (.vector_29) <= (_vector_spacing << 0x5))), function at exception vector 29 too large)

.vector_30      0x9fc015c0        0x0
 *(.vector_30)
                0x00000001                ASSERT (((_vector_spacing == 0x0) || (SIZEOF (.vector_30) <= (_vector_spacing << 0x5))), function at exception vector 30 too large)

.vector_31      0x9fc015e0        0x0
 *(.vector_31)
                0x00000001                ASSERT (((_vector_spacing == 0x0) || (SIZEOF (.vector_31) <= (_vector_spacing << 0x5))), function at exception vector 31 too large)

.vector_32      0x9fc01600        0x0
 *(.vector_32)
                0x00000001                ASSERT (((_vector_spacing == 0x0) || (SIZEOF (.vector_32) <= (_vector_spacing << 0x5))), function at exception vector 32 too large)

.vector_33      0x9fc01620        0x0
 *(.vector_33)
                0x00000001                ASSERT (((_vector_spacing == 0x0) || (SIZEOF (.vector_33) <= (_vector_spacing << 0x5))), function at exception vector 33 too large)

.vector_34      0x9fc01640        0x0
 *(.vector_34)
                0x00000001                ASSERT (((_vector_spacing == 0x0) || (SIZEOF (.vector_34) <= (_vector_spacing << 0x5))), function at exception vector 34 too large)

.vector_35      0x9fc01660        0x0
 *(.vector_35)
                0x00000001                ASSERT (((_vector_spacing == 0x0) || (SIZEOF (.vector_35) <= (_vector_spacing << 0x5))), function at exception vector 35 too large)

.vector_36      0x9fc01680        0x0
 *(.vector_36)
                0x00000001                ASSERT (((_vector_spacing == 0x0) || (SIZEOF (.vector_36) <= (_vector_spacing << 0x5))), function at exception vector 36 too large)

.vector_37      0x9fc016a0        0x0
 *(.vector_37)
                0x00000001                ASSERT (((_vector_spacing == 0x0) || (SIZEOF (.vector_37) <= (_vector_spacing << 0x5))), function at exception vector 37 too large)

.vector_38      0x9fc016c0        0x0
 *(.vector_38)
                0x00000001                ASSERT (((_vector_spacing == 0x0) || (SIZEOF (.vector_38) <= (_vector_spacing << 0x5))), function at exception vector 38 too large)

.vector_39      0x9fc016e0        0x0
 *(.vector_39)
                0x00000001                ASSERT (((_vector_spacing == 0x0) || (SIZEOF (.vector_39) <= (_vector_spacing << 0x5))), function at exception vector 39 too large)

.vector_40      0x9fc01700        0x0
 *(.vector_40)
                0x00000001                ASSERT (((_vector_spacing == 0x0) || (SIZEOF (.vector_40) <= (_vector_spacing << 0x5))), function at exception vector 40 too large)

.vector_41      0x9fc01720        0x0
 *(.vector_41)
                0x00000001                ASSERT (((_vector_spacing == 0x0) || (SIZEOF (.vector_41) <= (_vector_spacing << 0x5))), function at exception vector 41 too large)

.vector_42      0x9fc01740        0x0
 *(.vector_42)
                0x00000001                ASSERT (((_vector_spacing == 0x0) || (SIZEOF (.vector_42) <= (_vector_spacing << 0x5))), function at exception vector 42 too large)

.vector_43      0x9fc01760        0x0
 *(.vector_43)
                0x00000001                ASSERT (((_vector_spacing == 0x0) || (SIZEOF (.vector_43) <= (_vector_spacing << 0x5))), function at exception vector 43 too large)

.vector_44      0x9fc01780        0x0
 *(.vector_44)
                0x00000001                ASSERT (((_vector_spacing == 0x0) || (SIZEOF (.vector_44) <= (_vector_spacing << 0x5))), function at exception vector 44 too large)

.vector_45      0x9fc017a0        0x8
 *(.vector_45)
 .vector_45     0x9fc017a0        0x8 usb_device.o
                0x00000001                ASSERT (((_vector_spacing == 0x0) || (SIZEOF (.vector_45) <= (_vector_spacing << 0x5))), function at exception vector 45 too large)

.vector_46      0x9fc017c0        0x0
 *(.vector_46)
                0x00000001                ASSERT (((_vector_spacing == 0x0) || (SIZEOF (.vector_46) <= (_vector_spacing << 0x5))), function at exception vector 46 too large)

.vector_47      0x9fc017e0        0x0
 *(.vector_47)
                0x00000001                ASSERT (((_vector_spacing == 0x0) || (SIZEOF (.vector_47) <= (_vector_spacing << 0x5))), function at exception vector 47 too large)

.vector_48      0x9fc01800        0x0
 *(.vector_48)
                0x00000001                ASSERT (((_vector_spacing == 0x0) || (SIZEOF (.vector_48) <= (_vector_spacing << 0x5))), function at exception vector 48 too large)

.vector_49      0x9fc01820        0x0
 *(.vector_49)
                0x00000001                ASSERT (((_vector_spacing == 0x0) || (SIZEOF (.vector_49) <= (_vector_spacing << 0x5))), function at exception vector 49 too large)

.vector_50      0x9fc01840        0x0
 *(.vector_50)
                0x00000001                ASSERT (((_vector_spacing == 0x0) || (SIZEOF (.vector_50) <= (_vector_spacing << 0x5))), function at exception vector 50 too large)

.vector_51      0x9fc01860        0x0
 *(.vector_51)
                0x00000001                ASSERT (((_vector_spacing == 0x0) || (SIZEOF (.vector_51) <= (_vector_spacing << 0x5))), function at exception vector 51 too large)

.vector_52      0x9fc01880        0x0
 *(.vector_52)
                0x00000001                ASSERT (((_vector_spacing == 0x0) || (SIZEOF (.vector_52) <= (_vector_spacing << 0x5))), function at exception vector 52 too large)

.vector_53      0x9fc018a0        0x0
 *(.vector_53)
                0x00000001                ASSERT (((_vector_spacing == 0x0) || (SIZEOF (.vector_53) <= (_vector_spacing << 0x5))), function at exception vector 53 too large)

.vector_54      0x9fc018c0        0x0
 *(.vector_54)
                0x00000001                ASSERT (((_vector_spacing == 0x0) || (SIZEOF (.vector_54) <= (_vector_spacing << 0x5))), function at exception vector 54 too large)

.vector_55      0x9fc018e0        0x0
 *(.vector_55)
                0x00000001                ASSERT (((_vector_spacing == 0x0) || (SIZEOF (.vector_55) <= (_vector_spacing << 0x5))), function at exception vector 55 too large)

.vector_56      0x9fc01900        0x0
 *(.vector_56)
                0x00000001                ASSERT (((_vector_spacing == 0x0) || (SIZEOF (.vector_56) <= (_vector_spacing << 0x5))), function at exception vector 56 too large)

.vector_57      0x9fc01920        0x0
 *(.vector_57)
                0x00000001                ASSERT (((_vector_spacing == 0x0) || (SIZEOF (.vector_57) <= (_vector_spacing << 0x5))), function at exception vector 57 too large)

.vector_58      0x9fc01940        0x0
 *(.vector_58)
                0x00000001                ASSERT (((_vector_spacing == 0x0) || (SIZEOF (.vector_58) <= (_vector_spacing << 0x5))), function at exception vector 58 too large)

.vector_59      0x9fc01960        0x0
 *(.vector_59)
                0x00000001                ASSERT (((_vector_spacing == 0x0) || (SIZEOF (.vector_59) <= (_vector_spacing << 0x5))), function at exception vector 59 too large)

.vector_60      0x9fc01980        0x0
 *(.vector_60)
                0x00000001                ASSERT (((_vector_spacing == 0x0) || (SIZEOF (.vector_60) <= (_vector_spacing << 0x5))), function at exception vector 60 too large)

.vector_61      0x9fc019a0        0x0
 *(.vector_61)
                0x00000001                ASSERT (((_vector_spacing == 0x0) || (SIZEOF (.vector_61) <= (_vector_spacing << 0x5))), function at exception vector 61 too large)

.vector_62      0x9fc019c0        0x0
 *(.vector_62)
                0x00000001                ASSERT (((_vector_spacing == 0x0) || (SIZEOF (.vector_62) <= (_vector_spacing << 0x5))), function at exception vector 62 too large)

.vector_63      0x9fc019e0        0x0
 *(.vector_63)
                0x00000001                ASSERT (((_vector_spacing == 0x0) || (SIZEOF (.vector_63) <= (_vector_spacing << 0x5))), function at exception vector 63 too large)

.startup        0x9fc00490      0x1e0
 *(.startup)
 .startup       0x9fc00490      0x1e0 C:/Program Files (x86)/Microchip/MPLAB C32/bin/../lib/gcc/pic32mx/3.4.4/../../../../pic32mx/lib/crt0.o

.text           0x9d000000     0x6754
                0x9d000000                _text_begin = .
 *(.text .stub .text.* .gnu.linkonce.t.*)
 .text          0x9d000000       0x18 C:/Program Files (x86)/Microchip/MPLAB C32/bin/../lib/gcc/pic32mx/3.4.4/../../../../pic32mx/lib/crt0.o
 .text          0x9d000018       0xd0 adc.o
                0x9d000018                initADC
                0x9d00007c                readADC
 .text          0x9d0000e8     0x10c8 main.o
                0x9d000efc                USBCB_SOF_Handler
                0x9d000ebc                USBCBSuspend
                0x9d000b70                StartServoPulse
                0x9d0009b4                ServoInit
                0x9d000fd4                USBCBSendResume
                0x9d000edc                USBCBWakeFromSuspend
                0x9d0000e8                _Timer2Handler
                0x9d000f3c                USBCBCheckOtherReq
                0x9d00071c                BlinkUSBStatus
                0x9d0001b0                main
                0x9d000f1c                USBCBErrorHandler
                0x9d000d3c                EndServoPulse
                0x9d00014c                OC2_IntHandler
                0x9d0002cc                ProcessIO
                0x9d00022c                UserInit
                0x9d001040                USER_USB_CALLBACK_EVENT_HANDLER
                0x9d000f7c                USBCBInitEP
                0x9d000f5c                USBCBStdSetDscHandler
 .text          0x9d0011b0      0xdac sensores.o
                0x9d0011b0                CalibrarAccel
                0x9d001aa8                Temperatura
                0x9d00136c                CalibrarGyro
                0x9d001c3c                Posicion
                0x9d001474                Aceleracion
                0x9d001878                Gyro
 .text          0x9d001f5c     0x27bc usb_device.o
                0x9d004628                USBDeviceDetach
                0x9d0037e8                USBCtrlTrfTxService
                0x9d004648                USBDeviceAttach
                0x9d002128                _USB1Interrupt
                0x9d002630                USBSuspend
                0x9d0026e4                USBCtrlEPService
                0x9d002844                USBCtrlTrfSetupHandler
                0x9d002568                USBStallHandler
                0x9d003a08                USBCtrlTrfRxService
                0x9d0041e8                USBTransferOnePacket
                0x9d00400c                USBStallEndpoint
                0x9d002ffc                USBStdGetDscHandler
                0x9d003f68                USBEnableEndpoint
                0x9d0029b8                USBCtrlTrfInHandler
                0x9d002688                USBWakeFromSuspend
                0x9d003370                USBCtrlEPServiceComplete
                0x9d0028e4                USBCtrlTrfOutHandler
                0x9d003d28                USBStdSetCfgHandler
                0x9d001f5c                USBDeviceInit
                0x9d003e8c                USBConfigureEndpoint
                0x9d0031d4                USBStdGetStatusHandler
                0x9d002c10                USBCheckStdRequest
                0x9d002dac                USBStdFeatureReqHandler
                0x9d00440c                USBCancelIO
                0x9d002b34                USBPrepareForNextSetupTrf
 .text          0x9d004718       0xa8 C:/Program Files (x86)/Microchip/MPLAB C32/bin/../lib/gcc/pic32mx/3.4.4/../../../../pic32mx/lib\libc.a(memset.o)
                0x9d004718                memset
 .text.general_exception
                0x9d0047c0       0xd0 C:/Program Files (x86)/Microchip/MPLAB C32/bin/../lib/gcc/pic32mx/3.4.4/../../../../pic32mx/lib\libc.a(general-exception.o)
                0x9d0047c0                _general_exception_context
 .text.exit     0x9d004890       0x9c C:/Program Files (x86)/Microchip/MPLAB C32/bin/../lib/gcc/pic32mx/3.4.4/../../../../pic32mx/lib\libc.a(exit.o)
                0x9d004890                exit
 .text._filbuf_simple
                0x9d00492c       0x48 C:/Program Files (x86)/Microchip/MPLAB C32/bin/../lib/gcc/pic32mx/3.4.4/../../../../pic32mx/lib\libc.a(_iobfuncs.o)
                0x9d00492c                _filbuf_simple
 .text._fflush_simple
                0x9d004974       0x6c C:/Program Files (x86)/Microchip/MPLAB C32/bin/../lib/gcc/pic32mx/3.4.4/../../../../pic32mx/lib\libc.a(_iobfuncs.o)
                0x9d004974                _fflush_simple
 .text._flsbuf_simple
                0x9d0049e0       0xdc C:/Program Files (x86)/Microchip/MPLAB C32/bin/../lib/gcc/pic32mx/3.4.4/../../../../pic32mx/lib\libc.a(_iobfuncs.o)
                0x9d0049e0                _flsbuf_simple
 .text._fwrite_simple
                0x9d004abc       0x84 C:/Program Files (x86)/Microchip/MPLAB C32/bin/../lib/gcc/pic32mx/3.4.4/../../../../pic32mx/lib\libc.a(_iobfuncs.o)
                0x9d004abc                _fwrite_simple
 .text._fsync_simple
                0x9d004b40       0x34 C:/Program Files (x86)/Microchip/MPLAB C32/bin/../lib/gcc/pic32mx/3.4.4/../../../../pic32mx/lib\libc.a(_iobfuncs.o)
                0x9d004b40                _fsync_simple
 .text._weak_pthread_mutex_init
                0x9d004b74        0x8 C:/Program Files (x86)/Microchip/MPLAB C32/bin/../lib/gcc/pic32mx/3.4.4/../../../../pic32mx/lib\libc.a(stubs.o)
                0x9d004b74                _weak_pthread_mutex_init
                0x9d004b74                pthread_mutex_init
 .text._weak_pthread_mutex_destroy
                0x9d004b7c        0x8 C:/Program Files (x86)/Microchip/MPLAB C32/bin/../lib/gcc/pic32mx/3.4.4/../../../../pic32mx/lib\libc.a(stubs.o)
                0x9d004b7c                _weak_pthread_mutex_destroy
                0x9d004b7c                pthread_mutex_destroy
 .text._weak_pthread_mutex_lock
                0x9d004b84        0x8 C:/Program Files (x86)/Microchip/MPLAB C32/bin/../lib/gcc/pic32mx/3.4.4/../../../../pic32mx/lib\libc.a(stubs.o)
                0x9d004b84                _weak_pthread_mutex_lock
                0x9d004b84                pthread_mutex_lock
 .text._weak_pthread_mutex_trylock
                0x9d004b8c        0x8 C:/Program Files (x86)/Microchip/MPLAB C32/bin/../lib/gcc/pic32mx/3.4.4/../../../../pic32mx/lib\libc.a(stubs.o)
                0x9d004b8c                _weak_pthread_mutex_trylock
                0x9d004b8c                pthread_mutex_trylock
 .text._weak_pthread_mutex_unlock
                0x9d004b94        0x8 C:/Program Files (x86)/Microchip/MPLAB C32/bin/../lib/gcc/pic32mx/3.4.4/../../../../pic32mx/lib\libc.a(stubs.o)
                0x9d004b94                _weak_pthread_mutex_unlock
                0x9d004b94                pthread_mutex_unlock
 .text._weak_pthread_mutex_setname_np
                0x9d004b9c        0x8 C:/Program Files (x86)/Microchip/MPLAB C32/bin/../lib/gcc/pic32mx/3.4.4/../../../../pic32mx/lib\libc.a(stubs.o)
                0x9d004b9c                pthread_mutex_setname_np
                0x9d004b9c                _weak_pthread_mutex_setname_np
 .text._weak_pthread_mutexattr_init
                0x9d004ba4        0x8 C:/Program Files (x86)/Microchip/MPLAB C32/bin/../lib/gcc/pic32mx/3.4.4/../../../../pic32mx/lib\libc.a(stubs.o)
                0x9d004ba4                _weak_pthread_mutexattr_init
                0x9d004ba4                pthread_mutexattr_init
 .text._weak_pthread_mutexattr_destroy
                0x9d004bac        0x8 C:/Program Files (x86)/Microchip/MPLAB C32/bin/../lib/gcc/pic32mx/3.4.4/../../../../pic32mx/lib\libc.a(stubs.o)
                0x9d004bac                pthread_mutexattr_destroy
                0x9d004bac                _weak_pthread_mutexattr_destroy
 .text._weak_pthread_mutexattr_setname_np
                0x9d004bb4        0x8 C:/Program Files (x86)/Microchip/MPLAB C32/bin/../lib/gcc/pic32mx/3.4.4/../../../../pic32mx/lib\libc.a(stubs.o)
                0x9d004bb4                _weak_pthread_mutexattr_setname_np
                0x9d004bb4                pthread_mutexattr_setname_np
 .text._weak_pthread_mutexattr_settype_np
                0x9d004bbc        0x8 C:/Program Files (x86)/Microchip/MPLAB C32/bin/../lib/gcc/pic32mx/3.4.4/../../../../pic32mx/lib\libc.a(stubs.o)
                0x9d004bbc                _weak_pthread_mutexattr_settype_np
                0x9d004bbc                pthread_mutexattr_settype_np
 .text._weak_pthread_sysconf_np
                0x9d004bc4        0x8 C:/Program Files (x86)/Microchip/MPLAB C32/bin/../lib/gcc/pic32mx/3.4.4/../../../../pic32mx/lib\libc.a(stubs.o)
                0x9d004bc4                _weak_pthread_sysconf_np
                0x9d004bc4                pthread_sysconf_np
 .text._weak_pthread_sigdisable_np
                0x9d004bcc        0x8 C:/Program Files (x86)/Microchip/MPLAB C32/bin/../lib/gcc/pic32mx/3.4.4/../../../../pic32mx/lib\libc.a(stubs.o)
                0x9d004bcc                _weak_pthread_sigdisable_np
                0x9d004bcc                pthread_sigdisable_np
 .text._weak_pthread_sigrestore_np
                0x9d004bd4        0x8 C:/Program Files (x86)/Microchip/MPLAB C32/bin/../lib/gcc/pic32mx/3.4.4/../../../../pic32mx/lib\libc.a(stubs.o)
                0x9d004bd4                pthread_sigrestore_np
                0x9d004bd4                _weak_pthread_sigrestore_np
 .text._weak__pthread_cleanup_push
                0x9d004bdc        0x8 C:/Program Files (x86)/Microchip/MPLAB C32/bin/../lib/gcc/pic32mx/3.4.4/../../../../pic32mx/lib\libc.a(stubs.o)
                0x9d004bdc                _weak__pthread_cleanup_push
                0x9d004bdc                _pthread_cleanup_push
 .text._weak__pthread_cleanup_pop
                0x9d004be4        0x8 C:/Program Files (x86)/Microchip/MPLAB C32/bin/../lib/gcc/pic32mx/3.4.4/../../../../pic32mx/lib\libc.a(stubs.o)
                0x9d004be4                _pthread_cleanup_pop
                0x9d004be4                _weak__pthread_cleanup_pop
 .text._weak__pthread_cleanup_push_defer
                0x9d004bec        0x8 C:/Program Files (x86)/Microchip/MPLAB C32/bin/../lib/gcc/pic32mx/3.4.4/../../../../pic32mx/lib\libc.a(stubs.o)
                0x9d004bec                _weak__pthread_cleanup_push_defer
                0x9d004bec                _pthread_cleanup_push_defer
 .text._weak__pthread_cleanup_pop_restore
                0x9d004bf4        0x8 C:/Program Files (x86)/Microchip/MPLAB C32/bin/../lib/gcc/pic32mx/3.4.4/../../../../pic32mx/lib\libc.a(stubs.o)
                0x9d004bf4                _pthread_cleanup_pop_restore
                0x9d004bf4                _weak__pthread_cleanup_pop_restore
 .text._weak_pthread_once
                0x9d004bfc       0x2c C:/Program Files (x86)/Microchip/MPLAB C32/bin/../lib/gcc/pic32mx/3.4.4/../../../../pic32mx/lib\libc.a(stubs.o)
                0x9d004bfc                _weak_pthread_once
                0x9d004bfc                pthread_once
                0x9d004bfc                _pthread_once
 .text._weak_pthread_key_create
                0x9d004c28        0x8 C:/Program Files (x86)/Microchip/MPLAB C32/bin/../lib/gcc/pic32mx/3.4.4/../../../../pic32mx/lib\libc.a(stubs.o)
                0x9d004c28                pthread_key_create
                0x9d004c28                _weak_pthread_key_create
 .text._weak_pthread_setspecific
                0x9d004c30        0x8 C:/Program Files (x86)/Microchip/MPLAB C32/bin/../lib/gcc/pic32mx/3.4.4/../../../../pic32mx/lib\libc.a(stubs.o)
                0x9d004c30                _weak_pthread_setspecific
                0x9d004c30                pthread_setspecific
 .text._weak_pthread_getspecific
                0x9d004c38        0x8 C:/Program Files (x86)/Microchip/MPLAB C32/bin/../lib/gcc/pic32mx/3.4.4/../../../../pic32mx/lib\libc.a(stubs.o)
                0x9d004c38                pthread_getspecific
                0x9d004c38                _weak_pthread_getspecific
 .text._weak__libc_private_storage
                0x9d004c40        0x8 C:/Program Files (x86)/Microchip/MPLAB C32/bin/../lib/gcc/pic32mx/3.4.4/../../../../pic32mx/lib\libc.a(stubs.o)
                0x9d004c40                _libc_private_storage
                0x9d004c40                _weak__libc_private_storage
 .text._general_exception_handler
                0x9d004c48        0x8 C:/Program Files (x86)/Microchip/MPLAB C32/bin/../lib/gcc/pic32mx/3.4.4/../../../../pic32mx/lib\libc.a(default-general-exception-handler.o)
                0x9d004c48                _general_exception_handler
 .text._bootstrap_exception_handler
                0x9d004c50        0x8 C:/Program Files (x86)/Microchip/MPLAB C32/bin/../lib/gcc/pic32mx/3.4.4/../../../../pic32mx/lib\libc.a(default-bootstrap-exception-handler.o)
                0x9d004c50                _bootstrap_exception_handler
 .text._on_reset
                0x9d004c58        0x8 C:/Program Files (x86)/Microchip/MPLAB C32/bin/../lib/gcc/pic32mx/3.4.4/../../../../pic32mx/lib\libc.a(default-on-reset.o)
                0x9d004c58                _on_reset
 .text._on_bootstrap
                0x9d004c60        0x8 C:/Program Files (x86)/Microchip/MPLAB C32/bin/../lib/gcc/pic32mx/3.4.4/../../../../pic32mx/lib\libc.a(default-on-bootstrap.o)
                0x9d004c60                _on_bootstrap
 .text          0x9d004c68       0x18 C:/Program Files (x86)/Microchip/MPLAB C32/bin/../lib/gcc/pic32mx/3.4.4/../../../../pic32mx/lib\libc.a(default-nmi-handler.o)
                0x9d004c68                _nmi_handler
 .text._mon_getc
                0x9d004c80        0x8 C:/Program Files (x86)/Microchip/MPLAB C32/bin/../lib/gcc/pic32mx/3.4.4/../../../../pic32mx/lib\libc.a(_mon_getc.o)
                0x9d004c80                _mon_getc
 .text._mon_write
                0x9d004c88       0x4c C:/Program Files (x86)/Microchip/MPLAB C32/bin/../lib/gcc/pic32mx/3.4.4/../../../../pic32mx/lib\libc.a(_mon_write.o)
                0x9d004c88                _mon_write
 .text._exit    0x9d004cd4        0x8 C:/Program Files (x86)/Microchip/MPLAB C32/bin/../lib/gcc/pic32mx/3.4.4/../../../../pic32mx/lib\libc.a(_exit.o)
                0x9d004cd4                _exit
 .text._mon_putc
                0x9d004cdc       0x28 C:/Program Files (x86)/Microchip/MPLAB C32/bin/../lib/gcc/pic32mx/3.4.4/../../../../pic32mx/lib\libc.a(_mon_putc.o)
                0x9d004cdc                _mon_putc
 .text          0x9d004d04     0x1128 C:/Program Files (x86)/Microchip/MPLAB C32/bin/../lib/gcc/pic32mx/3.4.4/../../../../pic32mx/lib\libm.a(dp32.o)
                0x9d005db4                fabs
                0x9d005c78                __eqdf2
                0x9d005c78                __gtdf2
                0x9d004d04                dpsub
                0x9d00590c                __floatsidf
                0x9d005c78                __ltdf2
                0x9d005980                ultodp
                0x9d005130                dpmul
                0x9d005a74                dptofp
                0x9d005bf4                __fixunsdfsi
                0x9d005c78                dpcmp
                0x9d0059d0                __extendsfdf2
                0x9d004d0c                __adddf3
                0x9d005bf4                dptoul
                0x9d005458                dpdiv
                0x9d00590c                litodp
                0x9d005b6c                __fixdfsi
                0x9d005c78                __ledf2
                0x9d0059d0                fptodp
                0x9d005d9c                __negdf2
                0x9d004d0c                dpadd
                0x9d005458                __divdf3
                0x9d005130                __muldf3
                0x9d005a74                __truncdfsf2
                0x9d005c78                __nedf2
                0x9d005b6c                dptoli
                0x9d005dd0                nan
                0x9d005db4                dpfabs
                0x9d005c78                __gedf2
                0x9d005dd0                dpnan
                0x9d004d04                __subdf3
 .text          0x9d005e2c      0x8ec C:/Program Files (x86)/Microchip/MPLAB C32/bin/../lib/gcc/pic32mx/3.4.4/../../../../pic32mx/lib\libm.a(fp32.o)
                0x9d006258                __divsf3
                0x9d006484                sitofp
                0x9d00652c                __fixsfsi
                0x9d006258                fpdiv
                0x9d005e2c                __subsf3
                0x9d00652c                fptoli
                0x9d006618                __lesf2
                0x9d0066ac                fabsf
                0x9d006618                __nesf2
                0x9d0064e0                uitofp
                0x9d006618                __gtsf2
                0x9d0065a4                fptoui
                0x9d0066ac                fpfabs
                0x9d006484                __floatsisf
                0x9d00652c                fptosi
                0x9d0066cc                fpnan
                0x9d006618                __eqsf2
                0x9d005e34                fpadd
                0x9d0066bc                __negsf2
                0x9d006618                __ltsf2
                0x9d005e2c                fpsub
                0x9d006618                fpcmp
                0x9d0060a0                __mulsf3
                0x9d006618                __gesf2
                0x9d0066cc                nanf
                0x9d006484                litofp
                0x9d0060a0                fpmul
                0x9d0065a4                __fixunssfsi
                0x9d005e34                __addsf3
                0x9d0065a4                fptoul
                0x9d0064e0                ultofp
 .text.INTEnableInterrupts
                0x9d006718        0x8 C:/Program Files (x86)/Microchip/MPLAB C32/bin/../lib/gcc/pic32mx/3.4.4/../../../../pic32mx/lib\libmchp_peripheral.a(int_enable_interrupts_lib.o)
                0x9d006718                INTEnableInterrupts
 .text.INTEnableSystemMultiVectoredInt
                0x9d006720       0x34 C:/Program Files (x86)/Microchip/MPLAB C32/bin/../lib/gcc/pic32mx/3.4.4/../../../../pic32mx/lib\libmchp_peripheral.a(int_enable_mv_int_lib.o)
                0x9d006720                INTEnableSystemMultiVectoredInt
 *(.text.*personality*)
 *(.gnu.warning)
 *(.mips16.fn.*)
 *(.mips16.call.*)
                0x9d006754                _text_end = .

.rodata         0x9d006758      0x198
 *(.rodata .rodata.* .gnu.linkonce.r.*)
 .rodata        0x9d006758       0x48 main.o
 .rodata        0x9d0067a0       0x90 sensores.o
 .rodata        0x9d006830       0x7c usb_descriptors.o
                0x9d006844                configDescriptor1
                0x9d0068a0                USB_SD_Ptr
                0x9d006868                sd001
                0x9d006878                sd002
                0x9d006864                sd000
                0x9d00689c                USB_CD_Ptr
                0x9d006830                device_dsc
 .rodata        0x9d0068ac       0x30 usb_device.o
 .rodata        0x9d0068dc       0x14 C:/Program Files (x86)/Microchip/MPLAB C32/bin/../lib/gcc/pic32mx/3.4.4/../../../../pic32mx/lib\libc.a(_iobdata.o)
                0x9d0068dc                _io_funcs
 *(.rodata1)
                0x9d0068f0                . = ALIGN (0x4)

.sdata2         0x9d0068f0        0x0
 *(.sdata2 .sdata2.* .gnu.linkonce.s2.*)
                0x9d0068f0                . = ALIGN (0x4)

.sbss2          0x9d0068f0        0x0
 *(.sbss2 .sbss2.* .gnu.linkonce.sb2.*)
                0x9d0068f0                . = ALIGN (0x4)

.eh_frame_hdr
 *(.eh_frame_hdr)

.eh_frame
 *(.eh_frame)

.dbg_data       0xa0000000        0x0
                0xa0000000                . = (. + DEFINED (_DEBUGGER)?0x200:0x0)

.data           0xa0000000       0xf4 load address 0x9d0068f0
                0xa0000000                _data_begin = .
 *(.data .data.* .gnu.linkonce.d.*)
 .data          0xa0000000       0x20 C:/Program Files (x86)/Microchip/MPLAB C32/bin/../lib/gcc/pic32mx/3.4.4/../../../../pic32mx/lib\libc.a(exit.o)
                0xa0000000                __exfun_mx
 .data          0xa0000020       0xd4 C:/Program Files (x86)/Microchip/MPLAB C32/bin/../lib/gcc/pic32mx/3.4.4/../../../../pic32mx/lib\libc.a(_iobdata.o)
 *(.gnu.linkonce.d.*personality*)
 *(.data1)
                0x9d0068f0                _data_image_begin = LOADADDR (.data)

.eh_frame
 *(.eh_frame)
                0xa00080f0                _gp = (ALIGN (0x10) + 0x7ff0)

.got
 *(.got.plt)
 *(.got)

.sdata          0xa00000f4        0x4 load address 0x9d0069e4
                0xa00000f4                _sdata_begin = .
 *(.sdata .sdata.* .gnu.linkonce.s.*)
 .sdata         0xa00000f4        0x4 C:/Program Files (x86)/Microchip/MPLAB C32/bin/../lib/gcc/pic32mx/3.4.4/../../../../pic32mx/lib\libc.a(_iobdata.o)
                0xa00000f4                _libc_data
                0xa00000f8                _sdata_end = .

.lit8
 *(.lit8)

.lit4
 *(.lit4)
                0xa00000f8                . = ALIGN (0x4)
                0xa00000f8                _data_end = .
                0xa00000f8                _bss_begin = .

.sbss           0xa00000f8       0xa5
                0xa00000f8                _sbss_begin = .
 *(.dynsbss)
 *(.sbss .sbss.* .gnu.linkonce.sb.*)
 .sbss          0xa00000f8        0x4 main.o
 .sbss          0xa00000fc        0x4 C:/Program Files (x86)/Microchip/MPLAB C32/bin/../lib/gcc/pic32mx/3.4.4/../../../../pic32mx/lib\libc.a(errno.o)
                0xa00000fc                errno
 *(.scommon)
 .scommon       0xa0000100       0x44 main.o
                0xa0000100                USBGenericInHandle
                0xa0000104                posicion
                0xa000010c                countx
                0xa000010d                idChanCur
                0xa0000110                velx
                0xa0000118                USBGenericOutHandle
                0xa000011c                posx
                0xa0000124                vely
                0xa000012c                posy
                0xa0000134                blinkStatusValid
                0xa0000138                paccx
                0xa000013c                county
                0xa0000140                paccy
 .scommon       0xa0000144       0x59 usb_device.o
                0xa0000144                pDst
                0xa0000148                CtrlTrfData
                0xa0000150                USBDeviceState
                0xa0000154                controlTransferState
                0xa0000158                USBInMaxPacketSize
                0xa000015c                inPipes
                0xa0000164                pBDTEntryIn
                0xa000016c                pBDTEntryOut
                0xa0000174                BothEP0OutUOWNsSet
                0xa0000178                pBDTEntryEP0OutNext
                0xa000017c                SetupPkt
                0xa0000184                shortPacketStatus
                0xa0000188                pBDTEntryEP0OutCurrent
                0xa000018c                USBActiveConfiguration
                0xa0000190                RemoteWakeup
                0xa0000194                USTATcopy
                0xa0000198                USBInData
                0xa000019c                USBAlternateInterface
                0xa000019d                _sbss_end = .

.bss            0xa0000200      0x24c
 *(.dynbss)
 *(.bss .bss.* .gnu.linkonce.b.*)
 .bss           0xa0000200       0x88 C:/Program Files (x86)/Microchip/MPLAB C32/bin/../lib/gcc/pic32mx/3.4.4/../../../../pic32mx/lib\libc.a(_iobdata.o)
 .bss           0xa0000288       0x80 C:/Program Files (x86)/Microchip/MPLAB C32/bin/../lib/gcc/pic32mx/3.4.4/../../../../pic32mx/lib\libc.a(_iobfuncs.o)
 .bss           0xa0000308        0x4 C:/Program Files (x86)/Microchip/MPLAB C32/bin/../lib/gcc/pic32mx/3.4.4/../../../../pic32mx/lib\libc.a(stubs.o)
                0xa0000308                __isthreaded
 *(COMMON)
 COMMON         0xa000030c       0xbc main.o
                0xa000030c                sensores
                0xa000032c                ref
                0xa0000338                INPacket
                0xa0000378                OUTPacket
                0xa00003b8                cntWdt
 *fill*         0xa00003c8       0x38 00
 COMMON         0xa0000400       0x4b usb_device.o
                0xa0000400                BDT
                0xa0000440                outPipes
                0xa000044c                . = ALIGN (0x4)
 *fill*         0xa000044b        0x1 00
                0xa000044c                . = ALIGN (0x4)
                0xa000044c                _end = .
                0xa000044c                _bss_end = .

.heap           0xa000044c        0x0
                0xa000044c                _heap = .
                0xa000044c                . = (. + _min_heap_size)

.stack          0xa000044c      0x400
                0xa000084c                . = (. + _min_stack_size)
 *fill*         0xa000044c      0x400 00

.ramfunc        0xa0001000        0x0 load address 0x9d0069e8
                0xa0001000                _ramfunc_begin = .
 *(.ramfunc .ramfunc.*)
                0xa0001000                . = ALIGN (0x4)
                0xa0001000                _ramfunc_end = .
                0x9d0069e8                _ramfunc_image_begin = LOADADDR (.ramfunc)
                0x00000000                _ramfunc_length = SIZEOF (.ramfunc)
                0x00001000                _bmxdkpba_address = (_ramfunc_begin - 0xa0000000)
                0x00008000                _bmxdudba_address = 0x8000
                0x00008000                _bmxdupba_address = 0x8000
                0xa0008000                _stack = (_ramfunc_length > 0x0)?(_ramfunc_begin - 0x4):0xa0008000
                0x00000001                ASSERT (((_min_stack_size + _min_heap_size) <= (_stack - _heap)), Not enough space to allocate both stack and heap.  Reduce heap and/or stack size.)

.pdr            0x00000000      0xca0
 *(.pdr)
 .pdr           0x00000000       0xa0 C:/Program Files (x86)/Microchip/MPLAB C32/bin/../lib/gcc/pic32mx/3.4.4/../../../../pic32mx/lib/crt0.o
 .pdr           0x000000a0       0x40 adc.o
 .pdr           0x000000e0      0x2a0 main.o
 .pdr           0x00000380       0xc0 sensores.o
 .pdr           0x00000440      0x340 usb_device.o
 .pdr           0x00000780       0x20 C:/Program Files (x86)/Microchip/MPLAB C32/bin/../lib/gcc/pic32mx/3.4.4/../../../../pic32mx/lib\libc.a(memset.o)
 .pdr           0x000007a0       0x20 C:/Program Files (x86)/Microchip/MPLAB C32/bin/../lib/gcc/pic32mx/3.4.4/../../../../pic32mx/lib\libc.a(general-exception.o)
 .pdr           0x000007c0       0x20 C:/Program Files (x86)/Microchip/MPLAB C32/bin/../lib/gcc/pic32mx/3.4.4/../../../../pic32mx/lib\libc.a(exit.o)
 .pdr           0x000007e0       0xa0 C:/Program Files (x86)/Microchip/MPLAB C32/bin/../lib/gcc/pic32mx/3.4.4/../../../../pic32mx/lib\libc.a(_iobfuncs.o)
 .pdr           0x00000880      0x2c0 C:/Program Files (x86)/Microchip/MPLAB C32/bin/../lib/gcc/pic32mx/3.4.4/../../../../pic32mx/lib\libc.a(stubs.o)
 .pdr           0x00000b40       0x20 C:/Program Files (x86)/Microchip/MPLAB C32/bin/../lib/gcc/pic32mx/3.4.4/../../../../pic32mx/lib\libc.a(default-general-exception-handler.o)
 .pdr           0x00000b60       0x20 C:/Program Files (x86)/Microchip/MPLAB C32/bin/../lib/gcc/pic32mx/3.4.4/../../../../pic32mx/lib\libc.a(default-bootstrap-exception-handler.o)
 .pdr           0x00000b80       0x20 C:/Program Files (x86)/Microchip/MPLAB C32/bin/../lib/gcc/pic32mx/3.4.4/../../../../pic32mx/lib\libc.a(default-on-reset.o)
 .pdr           0x00000ba0       0x20 C:/Program Files (x86)/Microchip/MPLAB C32/bin/../lib/gcc/pic32mx/3.4.4/../../../../pic32mx/lib\libc.a(default-on-bootstrap.o)
 .pdr           0x00000bc0       0x20 C:/Program Files (x86)/Microchip/MPLAB C32/bin/../lib/gcc/pic32mx/3.4.4/../../../../pic32mx/lib\libc.a(default-nmi-handler.o)
 .pdr           0x00000be0       0x20 C:/Program Files (x86)/Microchip/MPLAB C32/bin/../lib/gcc/pic32mx/3.4.4/../../../../pic32mx/lib\libc.a(_mon_getc.o)
 .pdr           0x00000c00       0x20 C:/Program Files (x86)/Microchip/MPLAB C32/bin/../lib/gcc/pic32mx/3.4.4/../../../../pic32mx/lib\libc.a(_mon_write.o)
 .pdr           0x00000c20       0x20 C:/Program Files (x86)/Microchip/MPLAB C32/bin/../lib/gcc/pic32mx/3.4.4/../../../../pic32mx/lib\libc.a(_exit.o)
 .pdr           0x00000c40       0x20 C:/Program Files (x86)/Microchip/MPLAB C32/bin/../lib/gcc/pic32mx/3.4.4/../../../../pic32mx/lib\libc.a(_mon_putc.o)
 .pdr           0x00000c60       0x20 C:/Program Files (x86)/Microchip/MPLAB C32/bin/../lib/gcc/pic32mx/3.4.4/../../../../pic32mx/lib\libmchp_peripheral.a(int_enable_interrupts_lib.o)
 .pdr           0x00000c80       0x20 C:/Program Files (x86)/Microchip/MPLAB C32/bin/../lib/gcc/pic32mx/3.4.4/../../../../pic32mx/lib\libmchp_peripheral.a(int_enable_mv_int_lib.o)

.reginfo        0x00000000       0x18
 *(.reginfo)
 .reginfo       0x00000000       0x18 C:/Program Files (x86)/Microchip/MPLAB C32/bin/../lib/gcc/pic32mx/3.4.4/../../../../pic32mx/lib/crt0.o

.stab
 *(.stab)

.stabstr
 *(.stabstr)

.stab.excl
 *(.stab.excl)

.stab.exclstr
 *(.stab.exclstr)

.stab.index
 *(.stab.index)

.stab.indexstr
 *(.stab.indexstr)

.comment        0x00000000      0x884
 *(.comment)
 .comment       0x00000000       0x4d adc.o
 .comment       0x0000004d       0x4d main.o
 .comment       0x0000009a       0x4d posicion.o
 .comment       0x000000e7       0x4d sensores.o
 .comment       0x00000134       0x4d usb_descriptors.o
 .comment       0x00000181       0x4d usb_device.o
 .comment       0x000001ce       0x4d usb_function_generic.o
 .comment       0x0000021b       0x56 C:/Program Files (x86)/Microchip/MPLAB C32/bin/../lib/gcc/pic32mx/3.4.4/../../../../pic32mx/lib\libc.a(memset.o)
 .comment       0x00000271       0x9a C:/Program Files (x86)/Microchip/MPLAB C32/bin/../lib/gcc/pic32mx/3.4.4/../../../../pic32mx/lib\libc.a(exit.o)
 .comment       0x0000030b       0xa0 C:/Program Files (x86)/Microchip/MPLAB C32/bin/../lib/gcc/pic32mx/3.4.4/../../../../pic32mx/lib\libc.a(_iobdata.o)
 .comment       0x000003ab       0xa1 C:/Program Files (x86)/Microchip/MPLAB C32/bin/../lib/gcc/pic32mx/3.4.4/../../../../pic32mx/lib\libc.a(_iobfuncs.o)
 .comment       0x0000044c       0x9b C:/Program Files (x86)/Microchip/MPLAB C32/bin/../lib/gcc/pic32mx/3.4.4/../../../../pic32mx/lib\libc.a(stubs.o)
 .comment       0x000004e7       0x4d C:/Program Files (x86)/Microchip/MPLAB C32/bin/../lib/gcc/pic32mx/3.4.4/../../../../pic32mx/lib\libc.a(default-general-exception-handler.o)
 .comment       0x00000534       0x4d C:/Program Files (x86)/Microchip/MPLAB C32/bin/../lib/gcc/pic32mx/3.4.4/../../../../pic32mx/lib\libc.a(default-bootstrap-exception-handler.o)
 .comment       0x00000581       0x4d C:/Program Files (x86)/Microchip/MPLAB C32/bin/../lib/gcc/pic32mx/3.4.4/../../../../pic32mx/lib\libc.a(default-on-reset.o)
 .comment       0x000005ce       0x4d C:/Program Files (x86)/Microchip/MPLAB C32/bin/../lib/gcc/pic32mx/3.4.4/../../../../pic32mx/lib\libc.a(default-on-bootstrap.o)
 .comment       0x0000061b       0x4d C:/Program Files (x86)/Microchip/MPLAB C32/bin/../lib/gcc/pic32mx/3.4.4/../../../../pic32mx/lib\libc.a(_mon_getc.o)
 .comment       0x00000668       0x4d C:/Program Files (x86)/Microchip/MPLAB C32/bin/../lib/gcc/pic32mx/3.4.4/../../../../pic32mx/lib\libc.a(_mon_write.o)
 .comment       0x000006b5       0x4d C:/Program Files (x86)/Microchip/MPLAB C32/bin/../lib/gcc/pic32mx/3.4.4/../../../../pic32mx/lib\libc.a(_exit.o)
 .comment       0x00000702       0x9b C:/Program Files (x86)/Microchip/MPLAB C32/bin/../lib/gcc/pic32mx/3.4.4/../../../../pic32mx/lib\libc.a(errno.o)
 .comment       0x0000079d       0x4d C:/Program Files (x86)/Microchip/MPLAB C32/bin/../lib/gcc/pic32mx/3.4.4/../../../../pic32mx/lib\libc.a(_mon_putc.o)
 .comment       0x000007ea       0x4d C:/Program Files (x86)/Microchip/MPLAB C32/bin/../lib/gcc/pic32mx/3.4.4/../../../../pic32mx/lib\libmchp_peripheral.a(int_enable_interrupts_lib.o)
 .comment       0x00000837       0x4d C:/Program Files (x86)/Microchip/MPLAB C32/bin/../lib/gcc/pic32mx/3.4.4/../../../../pic32mx/lib\libmchp_peripheral.a(int_enable_mv_int_lib.o)

.debug
 *(.debug)

.line
 *(.line)

.debug_srcinfo
 *(.debug_srcinfo)

.debug_sfnames
 *(.debug_sfnames)

.debug_aranges  0x00000000      0x2d0
 *(.debug_aranges)
 .debug_aranges
                0x00000000       0x28 C:/Program Files (x86)/Microchip/MPLAB C32/bin/../lib/gcc/pic32mx/3.4.4/../../../../pic32mx/lib\libc.a(exit.o)
 .debug_aranges
                0x00000028       0x48 C:/Program Files (x86)/Microchip/MPLAB C32/bin/../lib/gcc/pic32mx/3.4.4/../../../../pic32mx/lib\libc.a(_iobfuncs.o)
 .debug_aranges
                0x00000070       0xd0 C:/Program Files (x86)/Microchip/MPLAB C32/bin/../lib/gcc/pic32mx/3.4.4/../../../../pic32mx/lib\libc.a(stubs.o)
 .debug_aranges
                0x00000140       0x28 C:/Program Files (x86)/Microchip/MPLAB C32/bin/../lib/gcc/pic32mx/3.4.4/../../../../pic32mx/lib\libc.a(default-general-exception-handler.o)
 .debug_aranges
                0x00000168       0x28 C:/Program Files (x86)/Microchip/MPLAB C32/bin/../lib/gcc/pic32mx/3.4.4/../../../../pic32mx/lib\libc.a(default-bootstrap-exception-handler.o)
 .debug_aranges
                0x00000190       0x28 C:/Program Files (x86)/Microchip/MPLAB C32/bin/../lib/gcc/pic32mx/3.4.4/../../../../pic32mx/lib\libc.a(default-on-reset.o)
 .debug_aranges
                0x000001b8       0x28 C:/Program Files (x86)/Microchip/MPLAB C32/bin/../lib/gcc/pic32mx/3.4.4/../../../../pic32mx/lib\libc.a(default-on-bootstrap.o)
 .debug_aranges
                0x000001e0       0x28 C:/Program Files (x86)/Microchip/MPLAB C32/bin/../lib/gcc/pic32mx/3.4.4/../../../../pic32mx/lib\libc.a(_mon_getc.o)
 .debug_aranges
                0x00000208       0x28 C:/Program Files (x86)/Microchip/MPLAB C32/bin/../lib/gcc/pic32mx/3.4.4/../../../../pic32mx/lib\libc.a(_mon_write.o)
 .debug_aranges
                0x00000230       0x28 C:/Program Files (x86)/Microchip/MPLAB C32/bin/../lib/gcc/pic32mx/3.4.4/../../../../pic32mx/lib\libc.a(_exit.o)
 .debug_aranges
                0x00000258       0x28 C:/Program Files (x86)/Microchip/MPLAB C32/bin/../lib/gcc/pic32mx/3.4.4/../../../../pic32mx/lib\libc.a(_mon_putc.o)
 .debug_aranges
                0x00000280       0x28 C:/Program Files (x86)/Microchip/MPLAB C32/bin/../lib/gcc/pic32mx/3.4.4/../../../../pic32mx/lib\libmchp_peripheral.a(int_enable_interrupts_lib.o)
 .debug_aranges
                0x000002a8       0x28 C:/Program Files (x86)/Microchip/MPLAB C32/bin/../lib/gcc/pic32mx/3.4.4/../../../../pic32mx/lib\libmchp_peripheral.a(int_enable_mv_int_lib.o)

.debug_pubnames
                0x00000000      0x4ea
 *(.debug_pubnames)
 .debug_pubnames
                0x00000000       0x1b C:/Program Files (x86)/Microchip/MPLAB C32/bin/../lib/gcc/pic32mx/3.4.4/../../../../pic32mx/lib\libc.a(exit.o)
 .debug_pubnames
                0x0000001b       0x70 C:/Program Files (x86)/Microchip/MPLAB C32/bin/../lib/gcc/pic32mx/3.4.4/../../../../pic32mx/lib\libc.a(_iobfuncs.o)
 .debug_pubnames
                0x0000008b      0x2da C:/Program Files (x86)/Microchip/MPLAB C32/bin/../lib/gcc/pic32mx/3.4.4/../../../../pic32mx/lib\libc.a(stubs.o)
 .debug_pubnames
                0x00000365       0x31 C:/Program Files (x86)/Microchip/MPLAB C32/bin/../lib/gcc/pic32mx/3.4.4/../../../../pic32mx/lib\libc.a(default-general-exception-handler.o)
 .debug_pubnames
                0x00000396       0x33 C:/Program Files (x86)/Microchip/MPLAB C32/bin/../lib/gcc/pic32mx/3.4.4/../../../../pic32mx/lib\libc.a(default-bootstrap-exception-handler.o)
 .debug_pubnames
                0x000003c9       0x20 C:/Program Files (x86)/Microchip/MPLAB C32/bin/../lib/gcc/pic32mx/3.4.4/../../../../pic32mx/lib\libc.a(default-on-reset.o)
 .debug_pubnames
                0x000003e9       0x24 C:/Program Files (x86)/Microchip/MPLAB C32/bin/../lib/gcc/pic32mx/3.4.4/../../../../pic32mx/lib\libc.a(default-on-bootstrap.o)
 .debug_pubnames
                0x0000040d       0x20 C:/Program Files (x86)/Microchip/MPLAB C32/bin/../lib/gcc/pic32mx/3.4.4/../../../../pic32mx/lib\libc.a(_mon_getc.o)
 .debug_pubnames
                0x0000042d       0x21 C:/Program Files (x86)/Microchip/MPLAB C32/bin/../lib/gcc/pic32mx/3.4.4/../../../../pic32mx/lib\libc.a(_mon_write.o)
 .debug_pubnames
                0x0000044e       0x1c C:/Program Files (x86)/Microchip/MPLAB C32/bin/../lib/gcc/pic32mx/3.4.4/../../../../pic32mx/lib\libc.a(_exit.o)
 .debug_pubnames
                0x0000046a       0x20 C:/Program Files (x86)/Microchip/MPLAB C32/bin/../lib/gcc/pic32mx/3.4.4/../../../../pic32mx/lib\libc.a(_mon_putc.o)
 .debug_pubnames
                0x0000048a       0x2a C:/Program Files (x86)/Microchip/MPLAB C32/bin/../lib/gcc/pic32mx/3.4.4/../../../../pic32mx/lib\libmchp_peripheral.a(int_enable_interrupts_lib.o)
 .debug_pubnames
                0x000004b4       0x36 C:/Program Files (x86)/Microchip/MPLAB C32/bin/../lib/gcc/pic32mx/3.4.4/../../../../pic32mx/lib\libmchp_peripheral.a(int_enable_mv_int_lib.o)

.debug_info     0x00000000      0x432
 *(.debug_info .gnu.linkonce.wi.*)
 .debug_info    0x00000000       0x30 C:/Program Files (x86)/Microchip/MPLAB C32/bin/../lib/gcc/pic32mx/3.4.4/../../../../pic32mx/lib\libc.a(exit.o)
 .debug_info    0x00000030       0x78 C:/Program Files (x86)/Microchip/MPLAB C32/bin/../lib/gcc/pic32mx/3.4.4/../../../../pic32mx/lib\libc.a(_iobfuncs.o)
 .debug_info    0x000000a8      0x1aa C:/Program Files (x86)/Microchip/MPLAB C32/bin/../lib/gcc/pic32mx/3.4.4/../../../../pic32mx/lib\libc.a(stubs.o)
 .debug_info    0x00000252       0x30 C:/Program Files (x86)/Microchip/MPLAB C32/bin/../lib/gcc/pic32mx/3.4.4/../../../../pic32mx/lib\libc.a(default-general-exception-handler.o)
 .debug_info    0x00000282       0x30 C:/Program Files (x86)/Microchip/MPLAB C32/bin/../lib/gcc/pic32mx/3.4.4/../../../../pic32mx/lib\libc.a(default-bootstrap-exception-handler.o)
 .debug_info    0x000002b2       0x30 C:/Program Files (x86)/Microchip/MPLAB C32/bin/../lib/gcc/pic32mx/3.4.4/../../../../pic32mx/lib\libc.a(default-on-reset.o)
 .debug_info    0x000002e2       0x30 C:/Program Files (x86)/Microchip/MPLAB C32/bin/../lib/gcc/pic32mx/3.4.4/../../../../pic32mx/lib\libc.a(default-on-bootstrap.o)
 .debug_info    0x00000312       0x30 C:/Program Files (x86)/Microchip/MPLAB C32/bin/../lib/gcc/pic32mx/3.4.4/../../../../pic32mx/lib\libc.a(_mon_getc.o)
 .debug_info    0x00000342       0x30 C:/Program Files (x86)/Microchip/MPLAB C32/bin/../lib/gcc/pic32mx/3.4.4/../../../../pic32mx/lib\libc.a(_mon_write.o)
 .debug_info    0x00000372       0x30 C:/Program Files (x86)/Microchip/MPLAB C32/bin/../lib/gcc/pic32mx/3.4.4/../../../../pic32mx/lib\libc.a(_exit.o)
 .debug_info    0x000003a2       0x30 C:/Program Files (x86)/Microchip/MPLAB C32/bin/../lib/gcc/pic32mx/3.4.4/../../../../pic32mx/lib\libc.a(_mon_putc.o)
 .debug_info    0x000003d2       0x30 C:/Program Files (x86)/Microchip/MPLAB C32/bin/../lib/gcc/pic32mx/3.4.4/../../../../pic32mx/lib\libmchp_peripheral.a(int_enable_interrupts_lib.o)
 .debug_info    0x00000402       0x30 C:/Program Files (x86)/Microchip/MPLAB C32/bin/../lib/gcc/pic32mx/3.4.4/../../../../pic32mx/lib\libmchp_peripheral.a(int_enable_mv_int_lib.o)

.debug_abbrev   0x00000000      0x1c9
 *(.debug_abbrev)
 .debug_abbrev  0x00000000       0x23 C:/Program Files (x86)/Microchip/MPLAB C32/bin/../lib/gcc/pic32mx/3.4.4/../../../../pic32mx/lib\libc.a(exit.o)
 .debug_abbrev  0x00000023        0x1 C:/Program Files (x86)/Microchip/MPLAB C32/bin/../lib/gcc/pic32mx/3.4.4/../../../../pic32mx/lib\libc.a(_iobdata.o)
 .debug_abbrev  0x00000024       0x23 C:/Program Files (x86)/Microchip/MPLAB C32/bin/../lib/gcc/pic32mx/3.4.4/../../../../pic32mx/lib\libc.a(_iobfuncs.o)
 .debug_abbrev  0x00000047       0x23 C:/Program Files (x86)/Microchip/MPLAB C32/bin/../lib/gcc/pic32mx/3.4.4/../../../../pic32mx/lib\libc.a(stubs.o)
 .debug_abbrev  0x0000006a       0x23 C:/Program Files (x86)/Microchip/MPLAB C32/bin/../lib/gcc/pic32mx/3.4.4/../../../../pic32mx/lib\libc.a(default-general-exception-handler.o)
 .debug_abbrev  0x0000008d       0x23 C:/Program Files (x86)/Microchip/MPLAB C32/bin/../lib/gcc/pic32mx/3.4.4/../../../../pic32mx/lib\libc.a(default-bootstrap-exception-handler.o)
 .debug_abbrev  0x000000b0       0x23 C:/Program Files (x86)/Microchip/MPLAB C32/bin/../lib/gcc/pic32mx/3.4.4/../../../../pic32mx/lib\libc.a(default-on-reset.o)
 .debug_abbrev  0x000000d3       0x23 C:/Program Files (x86)/Microchip/MPLAB C32/bin/../lib/gcc/pic32mx/3.4.4/../../../../pic32mx/lib\libc.a(default-on-bootstrap.o)
 .debug_abbrev  0x000000f6       0x23 C:/Program Files (x86)/Microchip/MPLAB C32/bin/../lib/gcc/pic32mx/3.4.4/../../../../pic32mx/lib\libc.a(_mon_getc.o)
 .debug_abbrev  0x00000119       0x23 C:/Program Files (x86)/Microchip/MPLAB C32/bin/../lib/gcc/pic32mx/3.4.4/../../../../pic32mx/lib\libc.a(_mon_write.o)
 .debug_abbrev  0x0000013c       0x23 C:/Program Files (x86)/Microchip/MPLAB C32/bin/../lib/gcc/pic32mx/3.4.4/../../../../pic32mx/lib\libc.a(_exit.o)
 .debug_abbrev  0x0000015f        0x1 C:/Program Files (x86)/Microchip/MPLAB C32/bin/../lib/gcc/pic32mx/3.4.4/../../../../pic32mx/lib\libc.a(errno.o)
 .debug_abbrev  0x00000160       0x23 C:/Program Files (x86)/Microchip/MPLAB C32/bin/../lib/gcc/pic32mx/3.4.4/../../../../pic32mx/lib\libc.a(_mon_putc.o)
 .debug_abbrev  0x00000183       0x23 C:/Program Files (x86)/Microchip/MPLAB C32/bin/../lib/gcc/pic32mx/3.4.4/../../../../pic32mx/lib\libmchp_peripheral.a(int_enable_interrupts_lib.o)
 .debug_abbrev  0x000001a6       0x23 C:/Program Files (x86)/Microchip/MPLAB C32/bin/../lib/gcc/pic32mx/3.4.4/../../../../pic32mx/lib\libmchp_peripheral.a(int_enable_mv_int_lib.o)

.debug_line     0x00000000      0x770
 *(.debug_line)
 .debug_line    0x00000000       0x83 C:/Program Files (x86)/Microchip/MPLAB C32/bin/../lib/gcc/pic32mx/3.4.4/../../../../pic32mx/lib\libc.a(exit.o)
 .debug_line    0x00000083       0x8a C:/Program Files (x86)/Microchip/MPLAB C32/bin/../lib/gcc/pic32mx/3.4.4/../../../../pic32mx/lib\libc.a(_iobfuncs.o)
 .debug_line    0x0000010d       0x86 C:/Program Files (x86)/Microchip/MPLAB C32/bin/../lib/gcc/pic32mx/3.4.4/../../../../pic32mx/lib\libc.a(stubs.o)
 .debug_line    0x00000193       0xa2 C:/Program Files (x86)/Microchip/MPLAB C32/bin/../lib/gcc/pic32mx/3.4.4/../../../../pic32mx/lib\libc.a(default-general-exception-handler.o)
 .debug_line    0x00000235       0xa4 C:/Program Files (x86)/Microchip/MPLAB C32/bin/../lib/gcc/pic32mx/3.4.4/../../../../pic32mx/lib\libc.a(default-bootstrap-exception-handler.o)
 .debug_line    0x000002d9       0x91 C:/Program Files (x86)/Microchip/MPLAB C32/bin/../lib/gcc/pic32mx/3.4.4/../../../../pic32mx/lib\libc.a(default-on-reset.o)
 .debug_line    0x0000036a       0x95 C:/Program Files (x86)/Microchip/MPLAB C32/bin/../lib/gcc/pic32mx/3.4.4/../../../../pic32mx/lib\libc.a(default-on-bootstrap.o)
 .debug_line    0x000003ff       0x8a C:/Program Files (x86)/Microchip/MPLAB C32/bin/../lib/gcc/pic32mx/3.4.4/../../../../pic32mx/lib\libc.a(_mon_getc.o)
 .debug_line    0x00000489       0x8b C:/Program Files (x86)/Microchip/MPLAB C32/bin/../lib/gcc/pic32mx/3.4.4/../../../../pic32mx/lib\libc.a(_mon_write.o)
 .debug_line    0x00000514       0x86 C:/Program Files (x86)/Microchip/MPLAB C32/bin/../lib/gcc/pic32mx/3.4.4/../../../../pic32mx/lib\libc.a(_exit.o)
 .debug_line    0x0000059a       0x8a C:/Program Files (x86)/Microchip/MPLAB C32/bin/../lib/gcc/pic32mx/3.4.4/../../../../pic32mx/lib\libc.a(_mon_putc.o)
 .debug_line    0x00000624       0xa8 C:/Program Files (x86)/Microchip/MPLAB C32/bin/../lib/gcc/pic32mx/3.4.4/../../../../pic32mx/lib\libmchp_peripheral.a(int_enable_interrupts_lib.o)
 .debug_line    0x000006cc       0xa4 C:/Program Files (x86)/Microchip/MPLAB C32/bin/../lib/gcc/pic32mx/3.4.4/../../../../pic32mx/lib\libmchp_peripheral.a(int_enable_mv_int_lib.o)

.debug_frame    0x00000000      0x39c
 *(.debug_frame)
 .debug_frame   0x00000000       0x34 C:/Program Files (x86)/Microchip/MPLAB C32/bin/../lib/gcc/pic32mx/3.4.4/../../../../pic32mx/lib\libc.a(exit.o)
 .debug_frame   0x00000034       0x98 C:/Program Files (x86)/Microchip/MPLAB C32/bin/../lib/gcc/pic32mx/3.4.4/../../../../pic32mx/lib\libc.a(_iobfuncs.o)
 .debug_frame   0x000000cc      0x178 C:/Program Files (x86)/Microchip/MPLAB C32/bin/../lib/gcc/pic32mx/3.4.4/../../../../pic32mx/lib\libc.a(stubs.o)
 .debug_frame   0x00000244       0x20 C:/Program Files (x86)/Microchip/MPLAB C32/bin/../lib/gcc/pic32mx/3.4.4/../../../../pic32mx/lib\libc.a(default-general-exception-handler.o)
 .debug_frame   0x00000264       0x20 C:/Program Files (x86)/Microchip/MPLAB C32/bin/../lib/gcc/pic32mx/3.4.4/../../../../pic32mx/lib\libc.a(default-bootstrap-exception-handler.o)
 .debug_frame   0x00000284       0x20 C:/Program Files (x86)/Microchip/MPLAB C32/bin/../lib/gcc/pic32mx/3.4.4/../../../../pic32mx/lib\libc.a(default-on-reset.o)
 .debug_frame   0x000002a4       0x20 C:/Program Files (x86)/Microchip/MPLAB C32/bin/../lib/gcc/pic32mx/3.4.4/../../../../pic32mx/lib\libc.a(default-on-bootstrap.o)
 .debug_frame   0x000002c4       0x20 C:/Program Files (x86)/Microchip/MPLAB C32/bin/../lib/gcc/pic32mx/3.4.4/../../../../pic32mx/lib\libc.a(_mon_getc.o)
 .debug_frame   0x000002e4       0x30 C:/Program Files (x86)/Microchip/MPLAB C32/bin/../lib/gcc/pic32mx/3.4.4/../../../../pic32mx/lib\libc.a(_mon_write.o)
 .debug_frame   0x00000314       0x20 C:/Program Files (x86)/Microchip/MPLAB C32/bin/../lib/gcc/pic32mx/3.4.4/../../../../pic32mx/lib\libc.a(_exit.o)
 .debug_frame   0x00000334       0x20 C:/Program Files (x86)/Microchip/MPLAB C32/bin/../lib/gcc/pic32mx/3.4.4/../../../../pic32mx/lib\libc.a(_mon_putc.o)
 .debug_frame   0x00000354       0x20 C:/Program Files (x86)/Microchip/MPLAB C32/bin/../lib/gcc/pic32mx/3.4.4/../../../../pic32mx/lib\libmchp_peripheral.a(int_enable_interrupts_lib.o)
 .debug_frame   0x00000374       0x28 C:/Program Files (x86)/Microchip/MPLAB C32/bin/../lib/gcc/pic32mx/3.4.4/../../../../pic32mx/lib\libmchp_peripheral.a(int_enable_mv_int_lib.o)

.debug_str      0x00000000      0x9a1
 *(.debug_str)
 .debug_str     0x00000000       0xad C:/Program Files (x86)/Microchip/MPLAB C32/bin/../lib/gcc/pic32mx/3.4.4/../../../../pic32mx/lib\libc.a(exit.o)
                                 0xb2 (size before relaxing)
 .debug_str     0x000000ad       0xb7 C:/Program Files (x86)/Microchip/MPLAB C32/bin/../lib/gcc/pic32mx/3.4.4/../../../../pic32mx/lib\libc.a(_iobfuncs.o)
                                 0xfe (size before relaxing)
 .debug_str     0x00000164      0x2d9 C:/Program Files (x86)/Microchip/MPLAB C32/bin/../lib/gcc/pic32mx/3.4.4/../../../../pic32mx/lib\libc.a(stubs.o)
                                0x320 (size before relaxing)
 .debug_str     0x0000043d       0xa0 C:/Program Files (x86)/Microchip/MPLAB C32/bin/../lib/gcc/pic32mx/3.4.4/../../../../pic32mx/lib\libc.a(default-general-exception-handler.o)
                                 0xe7 (size before relaxing)
 .debug_str     0x000004dd       0xa4 C:/Program Files (x86)/Microchip/MPLAB C32/bin/../lib/gcc/pic32mx/3.4.4/../../../../pic32mx/lib\libc.a(default-bootstrap-exception-handler.o)
                                 0xeb (size before relaxing)
 .debug_str     0x00000581       0x7e C:/Program Files (x86)/Microchip/MPLAB C32/bin/../lib/gcc/pic32mx/3.4.4/../../../../pic32mx/lib\libc.a(default-on-reset.o)
                                 0xc5 (size before relaxing)
 .debug_str     0x000005ff       0x86 C:/Program Files (x86)/Microchip/MPLAB C32/bin/../lib/gcc/pic32mx/3.4.4/../../../../pic32mx/lib\libc.a(default-on-bootstrap.o)
                                 0xcd (size before relaxing)
 .debug_str     0x00000685       0x77 C:/Program Files (x86)/Microchip/MPLAB C32/bin/../lib/gcc/pic32mx/3.4.4/../../../../pic32mx/lib\libc.a(_mon_getc.o)
                                 0xbe (size before relaxing)
 .debug_str     0x000006fc       0x79 C:/Program Files (x86)/Microchip/MPLAB C32/bin/../lib/gcc/pic32mx/3.4.4/../../../../pic32mx/lib\libc.a(_mon_write.o)
                                 0xc0 (size before relaxing)
 .debug_str     0x00000775       0x6f C:/Program Files (x86)/Microchip/MPLAB C32/bin/../lib/gcc/pic32mx/3.4.4/../../../../pic32mx/lib\libc.a(_exit.o)
                                 0xb6 (size before relaxing)
 .debug_str     0x000007e4       0x77 C:/Program Files (x86)/Microchip/MPLAB C32/bin/../lib/gcc/pic32mx/3.4.4/../../../../pic32mx/lib\libc.a(_mon_putc.o)
                                 0xbe (size before relaxing)
 .debug_str     0x0000085b       0x9f C:/Program Files (x86)/Microchip/MPLAB C32/bin/../lib/gcc/pic32mx/3.4.4/../../../../pic32mx/lib\libmchp_peripheral.a(int_enable_interrupts_lib.o)
                                 0xe6 (size before relaxing)
 .debug_str     0x000008fa       0xa7 C:/Program Files (x86)/Microchip/MPLAB C32/bin/../lib/gcc/pic32mx/3.4.4/../../../../pic32mx/lib\libmchp_peripheral.a(int_enable_mv_int_lib.o)
                                 0xee (size before relaxing)

.debug_loc
 *(.debug_loc)

.debug_macinfo
 *(.debug_macinfo)

.debug_weaknames
 *(.debug_weaknames)

.debug_funcnames
 *(.debug_funcnames)

.debug_typenames
 *(.debug_typenames)

.debug_varnames
 *(.debug_varnames)

/DISCARD/
 *(.note.GNU-stack)
OUTPUT(123.elf elf32-tradlittlemips)

.mdebug.abi32   0x9d0069e8        0x0

.rel.dyn        0x9d0069e8        0x0
